// Jest Snapshot v1, https://goo.gl/fbAQLP

exports[`TextAddOn snapshot 1`] = `
<View
  style={{}}
/>
`;
